smash> smash> smash> smash> smash> smash> smash> smash> [1] sleep 100&: 27713 0 secs
[2] sleep 200&: 27714 0 secs
[3] sleep 300&: 27715 0 secs
[4] sleep 400&: 27716 0 secs
[5] sleep 20&: 27717 0 secs
[6] sleep 600&: 27718 0 secs
[7] sleep 700&: 27719 0 secs
smash> smash> smash> [1] sleep 100&: 27713 1 secs
[2] sleep 200&: 27714 1 secs
[3] sleep 300&: 27715 1 secs
[4] sleep 400&: 27716 1 secs
[5] sleep 20&: 27717 1 secs
[6] sleep 600&: 27718 1 secs
[7] sleep 700&: 27719 1 secs
[8] sleep 800&: 27720 1 secs
[9] sleep 900&: 27721 0 secs
smash> signal number 9 was sent to pid 27715
smash> [1] sleep 100&: 27713 1 secs
[2] sleep 200&: 27714 1 secs
[4] sleep 400&: 27716 1 secs
[5] sleep 20&: 27717 1 secs
[6] sleep 600&: 27718 1 secs
[7] sleep 700&: 27719 1 secs
[8] sleep 800&: 27720 1 secs
[9] sleep 900&: 27721 0 secs
smash> smash> [1] sleep 100&: 27713 1 secs
[2] sleep 200&: 27714 1 secs
[4] sleep 400&: 27716 1 secs
[5] sleep 20&: 27717 1 secs
[6] sleep 600&: 27718 1 secs
[7] sleep 700&: 27719 1 secs
[8] sleep 800&: 27720 1 secs
[9] sleep 900&: 27721 0 secs
[10] sleep 1000&: 27723 0 secs
smash> signal number 9 was sent to pid 27723
smash> [1] sleep 100&: 27713 1 secs
[2] sleep 200&: 27714 1 secs
[4] sleep 400&: 27716 1 secs
[5] sleep 20&: 27717 1 secs
[6] sleep 600&: 27718 1 secs
[7] sleep 700&: 27719 1 secs
[8] sleep 800&: 27720 1 secs
[9] sleep 900&: 27721 0 secs
smash> smash> [1] sleep 100&: 27713 1 secs
[2] sleep 200&: 27714 1 secs
[4] sleep 400&: 27716 1 secs
[5] sleep 20&: 27717 1 secs
[6] sleep 600&: 27718 1 secs
[7] sleep 700&: 27719 1 secs
[8] sleep 800&: 27720 1 secs
[9] sleep 900&: 27721 0 secs
[11] sleep 1001&: 27724 0 secs
smash> smash: got ctrl-Z
smash: process 27724 was stopped
smash> [1] sleep 100&: 27713 2 secs
[2] sleep 200&: 27714 2 secs
[4] sleep 400&: 27716 2 secs
[5] sleep 20&: 27717 2 secs
[6] sleep 600&: 27718 2 secs
[7] sleep 700&: 27719 2 secs
[8] sleep 800&: 27720 2 secs
[9] sleep 900&: 27721 1 secs
[11] sleep 1001&: 27724 0 secs (stopped)
smash> smash: got ctrl-Z
smash: process 27724 was stopped
smash> [1] sleep 100&: 27713 2 secs
[2] sleep 200&: 27714 2 secs
[4] sleep 400&: 27716 2 secs
[5] sleep 20&: 27717 2 secs
[6] sleep 600&: 27718 2 secs
[7] sleep 700&: 27719 2 secs
[8] sleep 800&: 27720 2 secs
[9] sleep 900&: 27721 1 secs
[11] sleep 1001&: 27724 0 secs (stopped)
smash> smash: got ctrl-Z
smash: process 27724 was stopped
smash> [1] sleep 100&: 27713 2 secs
[2] sleep 200&: 27714 2 secs
[4] sleep 400&: 27716 2 secs
[5] sleep 20&: 27717 2 secs
[6] sleep 600&: 27718 2 secs
[7] sleep 700&: 27719 2 secs
[8] sleep 800&: 27720 2 secs
[9] sleep 900&: 27721 1 secs
[11] sleep 1001&: 27724 0 secs (stopped)
smash> smash: got ctrl-Z
smash: process 27724 was stopped
smash> [1] sleep 100&: 27713 3 secs
[2] sleep 200&: 27714 3 secs
[4] sleep 400&: 27716 3 secs
[5] sleep 20&: 27717 3 secs
[6] sleep 600&: 27718 3 secs
[7] sleep 700&: 27719 3 secs
[8] sleep 800&: 27720 3 secs
[9] sleep 900&: 27721 2 secs
[11] sleep 1001&: 27724 0 secs (stopped)
smash> smash: got ctrl-C
[1] sleep 100&: 27713 3 secs
[2] sleep 200&: 27714 3 secs
[4] sleep 400&: 27716 3 secs
[5] sleep 20&: 27717 3 secs
[6] sleep 600&: 27718 3 secs
[7] sleep 700&: 27719 3 secs
[8] sleep 800&: 27720 3 secs
[9] sleep 900&: 27721 2 secs
[11] sleep 1001&: 27724 0 secs (stopped)
smash> smash: got ctrl-Z
smash: process 27745 was stopped
smash> [1] sleep 100&: 27713 6 secs
[2] sleep 200&: 27714 6 secs
[4] sleep 400&: 27716 6 secs
[5] sleep 20&: 27717 6 secs
[6] sleep 600&: 27718 6 secs
[7] sleep 700&: 27719 6 secs
[8] sleep 800&: 27720 6 secs
[9] sleep 900&: 27721 5 secs
[11] sleep 1001&: 27724 3 secs (stopped)
[11] sleep 1002: 27745 0 secs (stopped)
smash> smash> [1] sleep 100&: 27713 7 secs
[2] sleep 200&: 27714 7 secs
[4] sleep 400&: 27716 7 secs
[5] sleep 20&: 27717 7 secs
[6] sleep 600&: 27718 7 secs
[7] sleep 700&: 27719 7 secs
[8] sleep 800&: 27720 7 secs
[9] sleep 900&: 27721 6 secs
[11] sleep 1001&: 27724 4 secs (stopped)
[11] sleep 1002: 27745 1 secs
smash> smash: got ctrl-C
smash: process 27772 was killed
smash> smash> smash: got ctrl-C
smash: got ctrl-C
smash: got ctrl-Z
smash: got ctrl-Z
[1] sleep 100&: 27713 13 secs
[2] sleep 200&: 27714 13 secs
[4] sleep 400&: 27716 13 secs
[5] sleep 20&: 27717 13 secs
[6] sleep 600&: 27718 13 secs
[7] sleep 700&: 27719 13 secs
[8] sleep 800&: 27720 13 secs
[9] sleep 900&: 27721 12 secs
[11] sleep 1001&: 27724 10 secs (stopped)
[11] sleep 1002: 27745 7 secs
smash> smash: got ctrl-Z
smash: process 27779 was stopped
smash> smash: got ctrl-Z
smash: process 27780 was stopped
smash> smash: got ctrl-Z
smash: process 27784 was stopped
smash> smash error: fg: job-id 12 does not exist
smash> smash: got ctrl-Z
smash error: fg: job-id 12 does not exist
smash> smash: got ctrl-Z
smash error: fg: job-id 12 does not exist
smash> smash: got ctrl-Z
[1] sleep 100&: 27713 14 secs
[2] sleep 200&: 27714 14 secs
[4] sleep 400&: 27716 14 secs
[5] sleep 20&: 27717 14 secs
[6] sleep 600&: 27718 14 secs
[7] sleep 700&: 27719 14 secs
[8] sleep 800&: 27720 14 secs
[9] sleep 900&: 27721 13 secs
[11] sleep 1001&: 27724 11 secs (stopped)
[11] sleep 1002: 27745 8 secs
[11] sleep 1100: 27779 1 secs (stopped)
[11] sleep 1200: 27780 1 secs (stopped)
[11] sleep 1200: 27784 1 secs (stopped)
smash> smash: got ctrl-Z
smash: process 27724 was stopped
smash> smash: got ctrl-C
smash: process 27745 was killed
smash> smash error: fg: job-id 20 does not exist
smash> smash error: fg: job-id 21 does not exist
smash> smash error: fg: job-id -2 does not exist
smash> [1] sleep 100&: 27713 15 secs
[2] sleep 200&: 27714 15 secs
[4] sleep 400&: 27716 15 secs
[5] sleep 20&: 27717 15 secs
[6] sleep 600&: 27718 15 secs
[7] sleep 700&: 27719 15 secs
[8] sleep 800&: 27720 15 secs
[9] sleep 900&: 27721 14 secs
[11] sleep 1100: 27779 2 secs (stopped)
[11] sleep 1200: 27780 2 secs (stopped)
[11] sleep 1200: 27784 2 secs (stopped)
[11] sleep 1001&: 27724 1 secs (stopped)
smash> smash error: bg: job-id 12 does not exist
smash> smash error: bg: job-id 20 does not exist
smash> smash error: bg: job-id -1 does not exist
smash> [1] sleep 100&: 27713 15 secs
[2] sleep 200&: 27714 15 secs
[4] sleep 400&: 27716 15 secs
[5] sleep 20&: 27717 15 secs
[6] sleep 600&: 27718 15 secs
[7] sleep 700&: 27719 15 secs
[8] sleep 800&: 27720 15 secs
[9] sleep 900&: 27721 14 secs
[11] sleep 1100: 27779 2 secs (stopped)
[11] sleep 1200: 27780 2 secs (stopped)
[11] sleep 1200: 27784 2 secs (stopped)
[11] sleep 1001&: 27724 1 secs (stopped)
smash> smash error: bg: job-id 7 is already running in the background
smash> smash error: bg: job-id 8 is already running in the background
smash> [1] sleep 100&: 27713 16 secs
[2] sleep 200&: 27714 16 secs
[4] sleep 400&: 27716 16 secs
[5] sleep 20&: 27717 16 secs
[6] sleep 600&: 27718 16 secs
[7] sleep 700&: 27719 16 secs
[8] sleep 800&: 27720 16 secs
[9] sleep 900&: 27721 15 secs
[11] sleep 1100: 27779 3 secs (stopped)
[11] sleep 1200: 27780 3 secs (stopped)
[11] sleep 1200: 27784 3 secs (stopped)
[11] sleep 1001&: 27724 2 secs (stopped)
smash> signal number 9 was sent to pid 27713
smash> smash error: kill: job-id <job-id> does not exist
smash> [2] sleep 200&: 27714 17 secs
[4] sleep 400&: 27716 17 secs
[5] sleep 20&: 27717 17 secs
[6] sleep 600&: 27718 17 secs
[7] sleep 700&: 27719 17 secs
[8] sleep 800&: 27720 17 secs
[9] sleep 900&: 27721 16 secs
[11] sleep 1100: 27779 4 secs (stopped)
[11] sleep 1200: 27780 4 secs (stopped)
[11] sleep 1200: 27784 4 secs (stopped)
[11] sleep 1001&: 27724 3 secs (stopped)
smash> signal number 9 was sent to pid 27714
smash> signal number 9 was sent to pid 27716
smash> smash error: fg: job-id 4 does not exist
smash> smash error: bg: job-id 2 does not exist
smash> smash error: fg: job-id 1 does not exist
smash> [5] sleep 20&: 27717 18 secs
[6] sleep 600&: 27718 18 secs
[7] sleep 700&: 27719 18 secs
[8] sleep 800&: 27720 18 secs
[9] sleep 900&: 27721 17 secs
[11] sleep 1100: 27779 5 secs (stopped)
[11] sleep 1200: 27780 5 secs (stopped)
[11] sleep 1200: 27784 5 secs (stopped)
[11] sleep 1001&: 27724 4 secs (stopped)
smash> smash> [5] sleep 20&: 27717 18 secs
[6] sleep 600&: 27718 18 secs
[7] sleep 700&: 27719 18 secs
[8] sleep 800&: 27720 18 secs
[9] sleep 900&: 27721 17 secs
[11] sleep 1100: 27779 5 secs (stopped)
[11] sleep 1200: 27780 5 secs (stopped)
[11] sleep 1200: 27784 5 secs (stopped)
[11] sleep 1001&: 27724 4 secs (stopped)
[12] sleep 3&: 27789 0 secs
smash> [6] sleep 600&: 27718 23 secs
[7] sleep 700&: 27719 23 secs
[8] sleep 800&: 27720 23 secs
[9] sleep 900&: 27721 22 secs
[11] sleep 1100: 27779 10 secs (stopped)
[11] sleep 1200: 27780 10 secs (stopped)
[11] sleep 1200: 27784 10 secs (stopped)
[11] sleep 1001&: 27724 9 secs (stopped)
smash> [6] sleep 600&: 27718 23 secs
[7] sleep 700&: 27719 23 secs
[8] sleep 800&: 27720 23 secs
[9] sleep 900&: 27721 22 secs
[11] sleep 1100: 27779 10 secs (stopped)
[11] sleep 1200: 27780 10 secs (stopped)
[11] sleep 1200: 27784 10 secs (stopped)
[11] sleep 1001&: 27724 9 secs (stopped)
smash> [6] sleep 600&: 27718 23 secs
[7] sleep 700&: 27719 23 secs
[8] sleep 800&: 27720 23 secs
[9] sleep 900&: 27721 22 secs
[11] sleep 1100: 27779 10 secs (stopped)
[11] sleep 1200: 27780 10 secs (stopped)
[11] sleep 1200: 27784 10 secs (stopped)
[11] sleep 1001&: 27724 9 secs (stopped)
smash> [6] sleep 600&: 27718 33 secs
[7] sleep 700&: 27719 33 secs
[8] sleep 800&: 27720 33 secs
[9] sleep 900&: 27721 32 secs
[11] sleep 1100: 27779 20 secs (stopped)
[11] sleep 1200: 27780 20 secs (stopped)
[11] sleep 1200: 27784 20 secs (stopped)
[11] sleep 1001&: 27724 19 secs (stopped)
smash> smash: got ctrl-Z
smash: process 27724 was stopped
smash> [6] sleep 600&: 27718 34 secs
[7] sleep 700&: 27719 34 secs
[8] sleep 800&: 27720 34 secs
[9] sleep 900&: 27721 33 secs
[11] sleep 1200: 27780 21 secs (stopped)
[11] sleep 1200: 27784 21 secs (stopped)
[11] sleep 1001&: 27724 20 secs (stopped)
[11] sleep 1001&: 27724 0 secs (stopped)
smash> smash: got ctrl-Z
smash: process 27724 was stopped
smash> [6] sleep 600&: 27718 34 secs
[7] sleep 700&: 27719 34 secs
[8] sleep 800&: 27720 34 secs
[9] sleep 900&: 27721 33 secs
[11] sleep 1200: 27784 21 secs (stopped)
[11] sleep 1001&: 27724 20 secs (stopped)
[11] sleep 1001&: 27724 0 secs (stopped)
[11] sleep 1001&: 27724 0 secs (stopped)
smash> smash: got ctrl-Z
smash: process 27724 was stopped
smash> [6] sleep 600&: 27718 34 secs
[7] sleep 700&: 27719 34 secs
[8] sleep 800&: 27720 34 secs
[9] sleep 900&: 27721 33 secs
[11] sleep 1001&: 27724 20 secs (stopped)
[11] sleep 1001&: 27724 0 secs (stopped)
[11] sleep 1001&: 27724 0 secs (stopped)
[11] sleep 1001&: 27724 0 secs (stopped)
smash> smash> [6] sleep 600&: 27718 35 secs
[7] sleep 700&: 27719 35 secs
[8] sleep 800&: 27720 35 secs
[9] sleep 900&: 27721 34 secs
[11] sleep 1001&: 27724 21 secs (stopped)
[11] sleep 1001&: 27724 1 secs (stopped)
[11] sleep 1001&: 27724 1 secs (stopped)
[11] sleep 1001&: 27724 1 secs (stopped)
[13] sleep 777&: 27795 1 secs
smash> smash: got ctrl-C
smash: process 27796 was killed
smash> smash: got ctrl-Z
smash: process 27797 was stopped
smash> smash> [6] sleep 600&: 27718 35 secs
[7] sleep 700&: 27719 35 secs
[8] sleep 800&: 27720 35 secs
[9] sleep 900&: 27721 34 secs
[11] sleep 1001&: 27724 21 secs (stopped)
[11] sleep 1001&: 27724 1 secs (stopped)
[11] sleep 1001&: 27724 1 secs (stopped)
[11] sleep 1001&: 27724 1 secs (stopped)
[11] sleep 888: 27797 0 secs
[13] sleep 777&: 27795 1 secs
smash> smash> [6] sleep 600&: 27718 35 secs
[7] sleep 700&: 27719 35 secs
[8] sleep 800&: 27720 35 secs
[9] sleep 900&: 27721 34 secs
[11] sleep 1001&: 27724 21 secs (stopped)
[11] sleep 1001&: 27724 1 secs (stopped)
[11] sleep 1001&: 27724 1 secs (stopped)
[11] sleep 1001&: 27724 1 secs (stopped)
[11] sleep 888: 27797 0 secs
[13] sleep 777&: 27795 1 secs
[14] sleep 100&: 27798 0 secs
smash> smash> I'm the real slim shady
smash> cat: example.txt: No such file or directory
smash> smash: sending SIGKILL signal to 11 jobs:
27718: sleep 600&
27719: sleep 700&
27720: sleep 800&
27721: sleep 900&
27724: sleep 1001&
27724: sleep 1001&
27724: sleep 1001&
27724: sleep 1001&
27797: sleep 888
27795: sleep 777&
27798: sleep 100&
