smash> smash error: kill: invalid arguments
smash> smash error: kill: invalid arguments
smash> smash error: kill: invalid arguments
smash> smash error: kill: job-id <job-id> does not exist
smash> smash error: kill: invalid arguments
smash> smash error: kill: invalid arguments
smash> smash error: kill: invalid arguments
smash> smash error: kill: job-id <job-id> does not exist
smash> smash> smash error: kill: invalid arguments
smash> smash error: kill: invalid arguments
smash> smash error: kill: invalid arguments
smash> smash error: kill: invalid arguments
smash> smash error: kill: invalid arguments
smash> signal number 9 was sent to pid 27829
smash> smash error: kill: job-id <job-id> does not exist
smash> smash> smash> smash error: kill failed: Invalid argument
smash> [1] sleep 10&: 27831 0 secs
smash> smash> [1] sleep 10&: 27831 0 secs
[2] sleep 5&: 27832 0 secs
smash> smash> [1] sleep 10&: 27831 1 secs
[2] sleep 5&: 27832 1 secs
[3] sleep 3&: 27833 1 secs
smash> smash error: kill: invalid arguments
smash> smash error: kill: invalid arguments
smash> smash> smash> [1] sleep 10 &: 27866 3 secs
smash> signal number 9 was sent to pid 27866
smash> smash> smash> smash> smash: got ctrl-Z
smash: process 27871 was stopped
smash> [1] sleep 5&: 27868 1 secs
[2]           sleep        10   &: 27869 0 secs
[3] sleep 15: 27871 0 secs (stopped)
smash> signal number 9 was sent to pid 27868
smash> [2]           sleep        10   &: 27869 0 secs
[3] sleep 15: 27871 0 secs (stopped)
smash> signal number 9 was sent to pid 27869
smash> [3] sleep 15: 27871 0 secs (stopped)
smash> signal number 9 was sent to pid 27871
smash> smash> smash> signal number 19 was sent to pid 27872
smash> [1] sleep 10&: 27872 2 secs
smash> smash: got ctrl-C
smash: process 27877 was killed
smash> signal number 9 was sent to pid 27872
smash> smash: sending SIGKILL signal to 0 jobs:
