smash> smash> smash> /tmp/smash_test
smash> smash> /bin/bash: showpid: command not found
smash: got ctrl-Z
smash: process 28011 was stopped
smash> [1] sleep 100&: 28001 1 secs
[2] sleep 50&: 28002 1 secs
[4] sleep 20: 28011 0 secs (stopped)
smash> smash: sending SIGKILL signal to 3 jobs:
28001: sleep 100&
28002: sleep 50&
28011: sleep 20
