smash> smash pid is 14473
smash> smash pid is 14473
smash> smash pid is 14473
smash> smash pid is 14473
smash> smash pid is 14473
smash> smash> 