smash> Try 'timeout --help' for more information.
smash> Try 'timeout --help' for more information.
smash> timeout: invalid option -- '4'
Try 'timeout --help' for more information.
smash> my_sleep
random1.txt
random2.txt
sub1
sub2
sub3
test_in
test_in2
smash> before
smash> after
smash> 0
Done: 2
smash> after
smash> 0
2
smash> smash: got ctrl-C
smash> smash> 0
[1] timeout 3 ./my_sleep 4 & : 12632 0 secs
smash> 2
smash: got ctrl-C
smash> 0
2
smash: got ctrl-C
smash: process 12634 was killed
smash> before
smash> Done: 4
after
smash> smash> smash> 0
0
2
2
4
4
6
8
smash> smash> 0
smash> 0
2
2
4
6
smash: got ctrl-C
smash> 0
smash error: bg: there is no stopped jobs to resume
smash> smash: got ctrl-Z
smash error: bg: there is no stopped jobs to resume
smash> 2
smash> smash> 0
timeout 3 ./my_sleep 20& : 12654
smash: got ctrl-Z
smash: process 12654 was stopped
smash> timeout 3 ./my_sleep 20& : 12654
smash> 2
smash> smash> 0
timeout 3 ./my_sleep 20& : 12657
smash: got ctrl-C
smash: process 12657 was killed
smash> smash> 2
4
smash> smash> smash> smash> [1] timeout 5 sleep 100& : 12668 0 secs
[2] timeout 10 sleep 200& : 12670 0 secs
[3] timeout 2 sleep 300& : 12672 0 secs
[4] timeout 7 sleep 400& : 12674 0 secs
smash> 6
8
10
12
14
16
smash> smash> 18
Done: 20
smash: got ctrl-C
smash: process 12678 was killed
smash> smash> smash: got ctrl-C
smash: process 12682 was killed
smash> smash: sending SIGKILL signal to 0 jobs:
